<?xml version="1.0" encoding="UTF-8"?>
<TestRun id="1389bf5f-dffa-40af-9956-2a7cb7a75afd" name="fabricio.noda@MGA-NODA 2013-08-29 19:40:12" runUser="BENNER\fabricio.noda" xmlns="http://microsoft.com/schemas/VisualStudio/TeamTest/2010">
  <TestSettings name="Local" id="856062cb-b0a4-493e-8a3d-c547d0aec54d">
    <Description>These are default test settings for a local test run.</Description>
    <Deployment enabled="false" runDeploymentRoot="fabricio.noda_MGA-NODA 2013-08-29 19_40_12">
      <DeploymentItem filename="C:\projetos-inov\MonitorSMS\Dojo-20130829\Dojo-20130829\bin\Debug\Dojo-20130829.exe" />
    </Deployment>
    <Execution>
      <TestTypeSpecific />
      <AgentRule name="Execution Agents">
      </AgentRule>
    </Execution>
  </TestSettings>
  <Times creation="2013-08-29T19:40:12.0357229-03:00" queuing="2013-08-29T19:40:13.3088502-03:00" start="2013-08-29T19:40:13.3388532-03:00" finish="2013-08-29T19:40:13.5588752-03:00" />
  <ResultSummary outcome="Failed">
    <Counters total="1" executed="1" error="0" failed="1" timeout="0" aborted="0" inconclusive="0" passedButRunAborted="0" notRunnable="0" notExecuted="0" disconnected="0" warning="0" passed="0" completed="0" inProgress="0" pending="0" />
  </ResultSummary>
  <TestDefinitions>
    <UnitTest name="saque10retorna10" storage="c:\projetos-inov\monitorsms\dojo-20130829\dojotest\bin\debug\dojotest.dll" id="a8b3812e-5983-9ea9-c9b6-09fd99966ce5">
      <Execution id="42209ac0-9e4b-4d75-b5a0-6f98b8133f0f" />
      <TestMethod codeBase="C:/projetos-inov/MonitorSMS/Dojo-20130829/DojoTest/bin/Debug/DojoTest.DLL" adapterTypeName="Microsoft.VisualStudio.TestTools.TestTypes.Unit.UnitTestAdapter, Microsoft.VisualStudio.QualityTools.Tips.UnitTest.Adapter, Version=10.0.0.0, Culture=neutral, PublicKeyToken=b03f5f7f11d50a3a" className="DojoTest.ProgramTest, DojoTest, Version=1.0.0.0, Culture=neutral, PublicKeyToken=null" name="saque10retorna10" />
    </UnitTest>
  </TestDefinitions>
  <TestLists>
    <TestList name="Results Not in a List" id="8c84fa94-04c1-424b-9868-57a2d4851a1d" />
    <TestList name="All Loaded Results" id="19431567-8539-422a-85d7-44ee4e166bda" />
  </TestLists>
  <TestEntries>
    <TestEntry testId="a8b3812e-5983-9ea9-c9b6-09fd99966ce5" executionId="42209ac0-9e4b-4d75-b5a0-6f98b8133f0f" testListId="8c84fa94-04c1-424b-9868-57a2d4851a1d" />
  </TestEntries>
  <Results>
    <UnitTestResult executionId="42209ac0-9e4b-4d75-b5a0-6f98b8133f0f" testId="a8b3812e-5983-9ea9-c9b6-09fd99966ce5" testName="saque10retorna10" computerName="MGA-NODA" duration="00:00:00.0410595" startTime="2013-08-29T19:40:13.3428536-03:00" endTime="2013-08-29T19:40:13.5298723-03:00" testType="13cdc9d9-ddb5-4fa4-a97d-d965ccfc6d4b" outcome="Failed" testListId="8c84fa94-04c1-424b-9868-57a2d4851a1d" relativeResultsDirectory="42209ac0-9e4b-4d75-b5a0-6f98b8133f0f">
      <Output>
        <ErrorInfo>
          <Message>Test method DojoTest.ProgramTest.saque10retorna10 threw exception: 
System.NotImplementedException: O método ou a operação não está implementada.</Message>
          <StackTrace>    em Dojo_20130829.Program.saque(Int32 p) na C:\projetos-inov\MonitorSMS\Dojo-20130829\Dojo-20130829\Program.cs:linha 20
   em DojoTest.ProgramTest.saque10retorna10() na C:\projetos-inov\MonitorSMS\Dojo-20130829\DojoTest\ProgramTest.cs:linha 68
</StackTrace>
        </ErrorInfo>
      </Output>
    </UnitTestResult>
  </Results>
</TestRun>